12/01/17 22:19:22 INFO pig.Main: Logging error messages to: /scratch_b/rvhome/code/Linux64/Test/verticadb20018/pigtest_smoke/pigshell.out
Use GenericOptionsParser for parsing the arguments. Applications should implement Tool for the same.
Total input paths to process : 1
Use GenericOptionsParser for parsing the arguments. Applications should implement Tool for the same.
125|true|c|20091123|234.526|10985.3454|20091123164505|foobar string|
125|true|c|20091123|234.526|10985.3454|20091123164505|foobar string|
125|true|c|20091123|234.526|10985.3454|20091123164505|foobar string|
125|true|c|20091123|234.526|10985.3454|20091123164505|foobar string|
Deleted hdfs://eng23.verticacorp.com:29451/user/rvenkatesh/result
Use GenericOptionsParser for parsing the arguments. Applications should implement Tool for the same.
Total input paths to process : 1
Use GenericOptionsParser for parsing the arguments. Applications should implement Tool for the same.
125|true|c|20091123|234.526|10985.3454|20091123164505|foobar string|
125|true|c|20091123|234.526|10985.3454|20091123164505|foobar string|
Deleted hdfs://eng23.verticacorp.com:29451/user/rvenkatesh/result
Use GenericOptionsParser for parsing the arguments. Applications should implement Tool for the same.
Total input paths to process : 1
Use GenericOptionsParser for parsing the arguments. Applications should implement Tool for the same.
125|true|c|20091123|234.526|10985.3454|20091123164505|foobar string|
125|true|c|20091123|234.526|10985.3454|20091123164505|foobar string|
Deleted hdfs://eng23.verticacorp.com:29451/user/rvenkatesh/result
Use GenericOptionsParser for parsing the arguments. Applications should implement Tool for the same.
Total input paths to process : 1
Use GenericOptionsParser for parsing the arguments. Applications should implement Tool for the same.
0|Zero
32767|Max 16 bit
-32768|Min 16 bit
2147483647|Max 32 bit
-2147483648|Min 32 bit
16012952537|Disney fail case
9223372036854775807|Max 64 bit
-9223372036854775807|Min 64 bit 
Deleted hdfs://eng23.verticacorp.com:29451/user/rvenkatesh/result
ERROR 1002: Unable to store alias 218
Details at logfile: /scratch_b/rvhome/code/Linux64/Test/verticadb20018/pigtest_smoke/pigshell.out
