12/01/23 17:22:36 INFO pig.Main: Logging error messages to: /scratch_b/rvhome/code/Linux64/Test/verticadb20018/pigtest_smoke/pigshell.out
Use GenericOptionsParser for parsing the arguments. Applications should implement Tool for the same.
1 map reduce job(s) failed!
Failed to produce result in: "hdfs://eng23.verticacorp.com:29451/user/rvenkatesh/result"
