12/01/23 17:22:34 INFO pig.Main: Logging error messages to: /scratch_b/rvhome/code/Linux64/Test/verticadb20018/pigtest_smoke/pigshell.out
ERROR 1018: Problem determining schema during load
Details at logfile: /scratch_b/rvhome/code/Linux64/Test/verticadb20018/pigtest_smoke/pigshell.out
