12/01/23 17:34:47 INFO pig.Main: Logging error messages to: /scratch_b/rvhome/code/Linux64/Test/verticadb20018/pigtest_smoke/pigshell.out
ERROR 1002: Unable to store alias 1
Details at logfile: /scratch_b/rvhome/code/Linux64/Test/verticadb20018/pigtest_smoke/pigshell.out
