Total input paths to process : 1
125|true|c|20091123|234.526|10985.3454|20091123164505|foobar string|
125|true|c|20091123|234.526|10985.3454|20091123164505|foobar string|
125|true|c|20091123|234.526|10985.3454|20091123164505|foobar string|
125|true|c|20091123|234.526|10985.3454|20091123164505|foobar string|
Deleted hdfs://localhost.localdomain:9935/user/rvenkatesh/result
Total input paths to process : 1
125|true|c|20091123|234.526|10985.3454|20091123164505|foobar string|
125|true|c|20091123|234.526|10985.3454|20091123164505|foobar string|
Deleted hdfs://localhost.localdomain:9935/user/rvenkatesh/result
Total input paths to process : 1
125|true|c|20091123|234.526|10985.3454|20091123164505|foobar string|
125|true|c|20091123|234.526|10985.3454|20091123164505|foobar string|
Deleted hdfs://localhost.localdomain:9935/user/rvenkatesh/result
Total input paths to process : 1
0|Zero
32767|Max 16 bit
-32768|Min 16 bit
2147483647|Max 32 bit
-2147483648|Min 32 bit
16012952537|Disney fail case
9223372036854775807|Max 64 bit
-9223372036854775807|Min 64 bit 
Deleted hdfs://localhost.localdomain:9935/user/rvenkatesh/result
ERROR 1002: Unable to store alias E
Details at logfile: /home/rvenkatesh/code/Linux64/Test/verticadb502/pigtest_smoke/pigshell.out
