ERROR 2245: 
<file /scratch_b/rvhome/code/vertica/tools/hadoop/testing/pig-connector/scripts/passwords_bad_load.pig, line 1, column 4> Cannot get schema from loadFunc com.vertica.pig.VerticaLoader
Details at logfile: /scratch_b/rvhome/code/Linux64/Test/verticadb20018/pigtest_smoke/pigshell.out
