ERROR 1002: Unable to store alias X
Details at logfile: /scratch_b/rvhome/code/Linux64/Test/verticadb20018/pigtest_smoke/pigshell.out
