fs.default.name is deprecated. Instead, use fs.defaultFS
fs.default.name is deprecated. Instead, use fs.defaultFS
ERROR 1002: Unable to store alias X
Details at logfile: /home/rvenkatesh/trunk/Linux64/Test/verticadb502/pigtest_smoke/pigshell.out
