fs.default.name is deprecated. Instead, use fs.defaultFS
fs.default.name is deprecated. Instead, use fs.defaultFS
ERROR 2245: 
<file /home/rvenkatesh/trunk/vertica/tools/hadoop/testing/pig-connector/scripts/passwords_bad_load.pig, line 1, column 4> Cannot get schema from loadFunc com.vertica.pig.VerticaLoader
Details at logfile: /home/rvenkatesh/trunk/Linux64/Test/verticadb502/pigtest_smoke/pigshell.out
