fs.default.name is deprecated. Instead, use fs.defaultFS
fs.default.name is deprecated. Instead, use fs.defaultFS
fs.default.name is deprecated. Instead, use fs.defaultFS
dfs.df.interval is deprecated. Instead, use fs.df.interval
dfs.max.objects is deprecated. Instead, use dfs.namenode.max.objects
hadoop.native.lib is deprecated. Instead, use io.native.lib.available
dfs.data.dir is deprecated. Instead, use dfs.datanode.data.dir
dfs.name.dir is deprecated. Instead, use dfs.namenode.name.dir
fs.default.name is deprecated. Instead, use fs.defaultFS
fs.checkpoint.dir is deprecated. Instead, use dfs.namenode.checkpoint.dir
dfs.block.size is deprecated. Instead, use dfs.blocksize
dfs.access.time.precision is deprecated. Instead, use dfs.namenode.accesstime.precision
dfs.replication.min is deprecated. Instead, use dfs.namenode.replication.min
dfs.name.edits.dir is deprecated. Instead, use dfs.namenode.edits.dir
dfs.replication.considerLoad is deprecated. Instead, use dfs.namenode.replication.considerLoad
dfs.balance.bandwidthPerSec is deprecated. Instead, use dfs.datanode.balance.bandwidthPerSec
dfs.safemode.threshold.pct is deprecated. Instead, use dfs.namenode.safemode.threshold-pct
dfs.http.address is deprecated. Instead, use dfs.namenode.http-address
dfs.name.dir.restore is deprecated. Instead, use dfs.namenode.name.dir.restore
dfs.https.client.keystore.resource is deprecated. Instead, use dfs.client.https.keystore.resource
dfs.backup.address is deprecated. Instead, use dfs.namenode.backup.address
dfs.backup.http.address is deprecated. Instead, use dfs.namenode.backup.http-address
dfs.permissions is deprecated. Instead, use dfs.permissions.enabled
dfs.safemode.extension is deprecated. Instead, use dfs.namenode.safemode.extension
dfs.datanode.max.xcievers is deprecated. Instead, use dfs.datanode.max.transfer.threads
dfs.https.need.client.auth is deprecated. Instead, use dfs.client.https.need-auth
dfs.https.address is deprecated. Instead, use dfs.namenode.https-address
dfs.replication.interval is deprecated. Instead, use dfs.namenode.replication.interval
fs.checkpoint.edits.dir is deprecated. Instead, use dfs.namenode.checkpoint.edits.dir
dfs.write.packet.size is deprecated. Instead, use dfs.client-write-packet-size
dfs.permissions.supergroup is deprecated. Instead, use dfs.permissions.superusergroup
topology.script.number.args is deprecated. Instead, use net.topology.script.number.args
dfs.secondary.http.address is deprecated. Instead, use dfs.namenode.secondary.http-address
fs.checkpoint.period is deprecated. Instead, use dfs.namenode.checkpoint.period
topology.node.switch.mapping.impl is deprecated. Instead, use net.topology.node.switch.mapping.impl
io.bytes.per.checksum is deprecated. Instead, use dfs.bytes-per-checksum
Total input paths to process : 1
Unable to load native-hadoop library for your platform... using builtin-java classes where applicable
Snappy native library not loaded
Group org.apache.hadoop.mapred.Task$Counter is deprecated. Use org.apache.hadoop.mapreduce.TaskCounter instead
Group org.apache.hadoop.mapred.Task$Counter is deprecated. Use org.apache.hadoop.mapreduce.TaskCounter instead
125|true|c|20091123|234.526|10985.3454|20091123164505|foobar string|
125|true|c|20091123|234.526|10985.3454|20091123164505|foobar string|
rmr: DEPRECATED: Please use 'rm -r' instead.
Deleted result
Total input paths to process : 1
Group org.apache.hadoop.mapred.Task$Counter is deprecated. Use org.apache.hadoop.mapreduce.TaskCounter instead
Group org.apache.hadoop.mapred.Task$Counter is deprecated. Use org.apache.hadoop.mapreduce.TaskCounter instead
0|Zero
32767|Max 16 bit
-32768|Min 16 bit
2147483647|Max 32 bit
-2147483648|Min 32 bit
16012952537|Disney fail case
9223372036854775807|Max 64 bit
-9223372036854775807|Min 64 bit 
rmr: DEPRECATED: Please use 'rm -r' instead.
Deleted result
Total input paths to process : 1
Group org.apache.hadoop.mapred.Task$Counter is deprecated. Use org.apache.hadoop.mapreduce.TaskCounter instead
Group org.apache.hadoop.mapred.Task$Counter is deprecated. Use org.apache.hadoop.mapreduce.TaskCounter instead
0|Zero
32767|Max 16 bit
-32768|Min 16 bit
2147483647|Max 32 bit
-2147483648|Min 32 bit
16012952537|Disney fail case
9223372036854775807|Max 64 bit
-9223372036854775807|Min 64 bit 
rmr: DEPRECATED: Please use 'rm -r' instead.
Deleted result
ERROR 1002: Unable to store alias E
Details at logfile: /home/rvenkatesh/trunk/Linux64/Test/verticadb502/pigtest_smoke/pigshell.out
