10/10/18 23:56:44 INFO squeal.Squeal: Logging error messages to: /home/rvenkatesh/dev/Linux64/Test/squeal_smoke/pigshell.out
Constructing server
Configuring vertica connection
Translating...
Running script schema refresh(SQL)
ROLLBACK: schema "squeal_PigLatin_complex_group_pig" does not exist
Time: 57ms
Running script sql setup(SQL)
Time: 56ms
Running script test sql(SQL)
Time: 59ms
Running script load3(PIG)
Use GenericOptionsParser for parsing the arguments. Applications should implement Tool for the same.
Total input paths to process : 1
Time: 19111ms
Running script populate vdata4(SQL)
Time: 334ms
Running script store vdata5(PIG)
Use GenericOptionsParser for parsing the arguments. Applications should implement Tool for the same.
Time: 17779ms
Total time: 37449ms
www.aaa.com	0	1
www.ccc.com	0	0
www.ddd.com	1	0
www.www.com	1	0
Deleted hdfs://hermetic:9935/user/rvenkatesh/compgroup
