10/10/18 23:56:04 INFO squeal.Squeal: Logging error messages to: /home/rvenkatesh/dev/Linux64/Test/squeal_smoke/pigshell.out
Constructing server
Configuring vertica connection
1|1|100|q
2|1|100|w
3|1|100|e
4|2|100|r
5|2|100|t
6|2|100|y
7|3|100|u
8|-7|100|i
9|3|100|o
10|4|100|p
Translating...
Running script schema refresh(SQL)
ROLLBACK: schema "squeal_PigLatin_simple_pig" does not exist
Time: 65ms
Running script sql setup(SQL)
Time: 57ms
Running script test sql(SQL)
Time: 60ms
Running script load3(PIG)
Use GenericOptionsParser for parsing the arguments. Applications should implement Tool for the same.
Total input paths to process : 1
Time: 18876ms
Running script populate vdata4(SQL)
Time: 248ms
Running script store vdata5(PIG)
Use GenericOptionsParser for parsing the arguments. Applications should implement Tool for the same.
Time: 18169ms
Total time: 37517ms
200	40000
300	90000
400	160000
Deleted hdfs://hermetic:9935/user/rvenkatesh/simple
