Total input paths to process : 1
Total input paths to process : 1
1|ONE
2|TWO
3|THREE
4|FOUR
5|FIVE
6|SIX
7|SEVEN
8|EIGHT
9|NINE
10|TEN
11|ELEVEN
12|TWELVE
13|THIRTEEN
14|
15|FIFTEEN
16|SIXTEEN
Deleted hdfs://hermetic:9935/user/rvenkatesh/result
Total input paths to process : 1
0|Zero
32767|Max 16 bit
-32768|Min 16 bit
2147483647|Max 32 bit
-2147483648|Min 32 bit
16012952537|Disney fail case
9223372036854775807|Max 64 bit
-9223372036854775807|Min 64 bit 
0|Zero
32767|Max 16 bit
-32768|Min 16 bit
2147483647|Max 32 bit
-2147483648|Min 32 bit
16012952537|Disney fail case
9223372036854775807|Max 64 bit
-9223372036854775807|Min 64 bit 
Deleted hdfs://hermetic:9935/user/rvenkatesh/result
