Deleted hdfs://localhost.localdomain:9935/user/rvenkatesh/smoke-test.dat
Deleted hdfs://localhost.localdomain:9935/user/rvenkatesh/ints.dat
